// Vitest Snapshot v1, https://vitest.dev/guide/snapshot.html

exports[`server > lists its prompts 1`] = `
[
  {
    "arguments": undefined,
    "description": "One-shot Chassis Figma design build or reconnect",
    "name": "chassis-ui",
  },
  {
    "arguments": undefined,
    "description": "Load the chassis-create-design skill: build or update Figma screens using the Chassis UI library.",
    "name": "chassis-create-design",
  },
  {
    "arguments": undefined,
    "description": "Load the chassis-implement-design skill: implement Figma designs into code using Chassis UI CSS.",
    "name": "chassis-implement-design",
  },
]
`;

exports[`server > lists its resources 1`] = `
[
  {
    "description": "Build or update a Figma design (screen, page, modal, dialog, drawer, panel, dashboard, landing page or any multi-section view) from the Chassis UI Figma library: instances of \`cx.components.UI\`, bound to the variables and styles of \`cx.tokens.MAIN\`. Use when the user wants to create, compose, assemble or reconnect a Figma view from code, a screenshot, a description or an existing detached layout. Runs on top of the Figma MCP server skills \`figma-use\` and \`figma-generate-design\` and adds how the Chassis library is found, read and composed at run time: component names, props and their defaults, text Assets, slots, text styles, tokens and modes. Do NOT use for: a fix inside a single component, generating code FROM Figma (use \`chassis-implement-design\`), or token and variable edits.",
    "mimeType": "text/markdown",
    "name": "chassis-create-design",
    "uri": "chassis://skills/chassis-create-design",
  },
  {
    "description": "The Chassis UI library in Figma",
    "mimeType": "text/markdown",
    "name": "chassis-create-design/references/components",
    "uri": "chassis://skills/chassis-create-design/references/components",
  },
  {
    "description": "Plugin API recipes for the Chassis library",
    "mimeType": "text/markdown",
    "name": "chassis-create-design/references/recipes",
    "uri": "chassis://skills/chassis-create-design/references/recipes",
  },
  {
    "description": "Chassis tokens in Figma",
    "mimeType": "text/markdown",
    "name": "chassis-create-design/references/tokens",
    "uri": "chassis://skills/chassis-create-design/references/tokens",
  },
  {
    "description": "Chassis build and reconnect workflow",
    "mimeType": "text/markdown",
    "name": "chassis-create-design/references/workflow",
    "uri": "chassis://skills/chassis-create-design/references/workflow",
  },
  {
    "description": "Implement a Figma design made with the Chassis UI Figma library as production HTML using Chassis CSS (\`@chassis-ui/css\` 0.7), in a native CSS project or a Tailwind CSS v4 project that uses the Chassis Tailwind entry. Use when the user wants to translate, generate, build, or convert a Chassis Figma view, screen, page, modal, drawer, panel, dashboard, landing page, or component into shipping markup with 1:1 visual fidelity. Runs on top of the Figma MCP server skill \`figma-design-to-code\` and adds the Chassis class catalog, the Figma-token-to-class translation, Asset text extraction, component markup, and theming. Do NOT use for: writing INTO Figma (use \`chassis-create-design\`), React components, token/SCSS edits, or non-Chassis design systems.",
    "mimeType": "text/markdown",
    "name": "chassis-implement-design",
    "uri": "chassis://skills/chassis-implement-design",
  },
  {
    "description": "Components — Figma component → Chassis CSS markup",
    "mimeType": "text/markdown",
    "name": "chassis-implement-design/references/components",
    "uri": "chassis://skills/chassis-implement-design/references/components",
  },
  {
    "description": "Chassis CSS Class Catalog",
    "mimeType": "text/markdown",
    "name": "chassis-implement-design/references/css-classes",
    "uri": "chassis://skills/chassis-implement-design/references/css-classes",
  },
  {
    "description": "Chassis Implementation Patterns",
    "mimeType": "text/markdown",
    "name": "chassis-implement-design/references/patterns",
    "uri": "chassis://skills/chassis-implement-design/references/patterns",
  },
  {
    "description": "Token Translation — Figma variables → Chassis CSS classes",
    "mimeType": "text/markdown",
    "name": "chassis-implement-design/references/tokens",
    "uri": "chassis://skills/chassis-implement-design/references/tokens",
  },
  {
    "description": "Chassis Implement Workflow",
    "mimeType": "text/markdown",
    "name": "chassis-implement-design/references/workflow",
    "uri": "chassis://skills/chassis-implement-design/references/workflow",
  },
]
`;

exports[`server > lists its tools 1`] = `
[
  {
    "description": "Load the chassis-create-design skill: build or update Figma screens using the Chassis UI library. Returns the skill instructions and an index of its reference files and their sections, which are fetched on demand with chassis_get_reference.",
    "inputSchema": {
      "$schema": "http://json-schema.org/draft-07/schema#",
      "additionalProperties": false,
      "properties": {
        "full": {
          "description": "Also return every reference file of the skill, inline after the instructions, instead of the index of their names: several times the size. Default false",
          "type": "boolean",
        },
      },
      "type": "object",
    },
    "name": "chassis_create_design",
  },
  {
    "description": "Load the chassis-implement-design skill: implement Figma designs into production code using Chassis UI CSS. Returns the skill instructions and an index of its reference files and their sections, which are fetched on demand with chassis_get_reference.",
    "inputSchema": {
      "$schema": "http://json-schema.org/draft-07/schema#",
      "additionalProperties": false,
      "properties": {
        "full": {
          "description": "Also return every reference file of the skill, inline after the instructions, instead of the index of their names: several times the size. Default false",
          "type": "boolean",
        },
      },
      "type": "object",
    },
    "name": "chassis_implement_design",
  },
  {
    "description": "Fetch one reference file of a Chassis UI skill by name, without its frontmatter, or one section of it. The skill tools list the names, what each file holds and its sections.",
    "inputSchema": {
      "$schema": "http://json-schema.org/draft-07/schema#",
      "additionalProperties": false,
      "properties": {
        "name": {
          "description": "Reference file to fetch",
          "enum": [
            "chassis-create-design/references/components",
            "chassis-create-design/references/recipes",
            "chassis-create-design/references/tokens",
            "chassis-create-design/references/workflow",
            "chassis-implement-design/references/components",
            "chassis-implement-design/references/css-classes",
            "chassis-implement-design/references/patterns",
            "chassis-implement-design/references/tokens",
            "chassis-implement-design/references/workflow",
          ],
          "type": "string",
        },
        "section": {
          "description": "A heading of the file, or the anchor of a link \`file.md#anchor\`: returns that section, with its subsections and the introduction of the file, instead of the whole file. The skill tools list the sections of each file",
          "type": "string",
        },
      },
      "required": [
        "name",
      ],
      "type": "object",
    },
    "name": "chassis_get_reference",
  },
]
`;
