// Vitest Snapshot v1, https://vitest.dev/guide/snapshot.html

exports[`server > lists its prompts 1`] = `
[
  {
    "arguments": undefined,
    "description": "One-shot Chassis Figma design build or reconnect",
    "name": "chassis-ui",
  },
  {
    "arguments": undefined,
    "description": "Load the chassis-create-design skill: build or update Figma screens using the Chassis UI library.",
    "name": "chassis-create-design",
  },
  {
    "arguments": undefined,
    "description": "Load the chassis-implement-design skill: implement Figma designs into code using Chassis UI CSS.",
    "name": "chassis-implement-design",
  },
]
`;

exports[`server > lists its resources 1`] = `
[
  {
    "description": "Build or update a Figma design (screen, page, view, modal, dialog, drawer, sidebar, panel, dashboard, landing page, or any multi-section layout) using the Chassis UI Figma library. Use when the user wants to create, compose, assemble, or reconnect a Figma view from code, a screenshot, a description, or an existing detached layout. Runs on top of the Figma MCP server skills (\`figma-use\`, \`figma-generate-design\`) and adds Chassis-specific component, token, asset-override, and theme-switching conventions. Do NOT use for: single-component fixes, generating code FROM Figma (use \`chassis-implement-design\`), or pure token/variable edits.",
    "mimeType": "text/markdown",
    "name": "chassis-create-design",
    "uri": "chassis://skills/chassis-create-design",
  },
  {
    "description": "Chassis Component Catalog",
    "mimeType": "text/markdown",
    "name": "chassis-create-design/references/components",
    "uri": "chassis://skills/chassis-create-design/references/components",
  },
  {
    "description": "Chassis Design Patterns",
    "mimeType": "text/markdown",
    "name": "chassis-create-design/references/patterns",
    "uri": "chassis://skills/chassis-create-design/references/patterns",
  },
  {
    "description": "Chassis Design Tokens — Complete Reference",
    "mimeType": "text/markdown",
    "name": "chassis-create-design/references/tokens",
    "uri": "chassis://skills/chassis-create-design/references/tokens",
  },
  {
    "description": "Typography in Chassis",
    "mimeType": "text/markdown",
    "name": "chassis-create-design/references/typography",
    "uri": "chassis://skills/chassis-create-design/references/typography",
  },
  {
    "description": "Chassis Design Workflow — Detailed Procedures",
    "mimeType": "text/markdown",
    "name": "chassis-create-design/references/workflow",
    "uri": "chassis://skills/chassis-create-design/references/workflow",
  },
  {
    "description": "Implement a Figma design made with the Chassis UI Figma library as production HTML using Chassis CSS (\`@chassis-ui/css\` 0.7), in a native CSS project or a Tailwind CSS v4 project that uses the Chassis Tailwind entry. Use when the user wants to translate, generate, build, or convert a Chassis Figma view, screen, page, modal, drawer, panel, dashboard, landing page, or component into shipping markup with 1:1 visual fidelity. Runs on top of the Figma MCP server skill \`figma-design-to-code\` and adds the Chassis class catalog, the Figma-token-to-class translation, Asset text extraction, component markup, and theming. Do NOT use for: writing INTO Figma (use \`chassis-create-design\`), React components, token/SCSS edits, or non-Chassis design systems.",
    "mimeType": "text/markdown",
    "name": "chassis-implement-design",
    "uri": "chassis://skills/chassis-implement-design",
  },
  {
    "description": "Components — Figma family → Chassis CSS markup",
    "mimeType": "text/markdown",
    "name": "chassis-implement-design/references/components",
    "uri": "chassis://skills/chassis-implement-design/references/components",
  },
  {
    "description": "Chassis CSS Class Catalog",
    "mimeType": "text/markdown",
    "name": "chassis-implement-design/references/css-classes",
    "uri": "chassis://skills/chassis-implement-design/references/css-classes",
  },
  {
    "description": "Chassis Implementation Patterns",
    "mimeType": "text/markdown",
    "name": "chassis-implement-design/references/patterns",
    "uri": "chassis://skills/chassis-implement-design/references/patterns",
  },
  {
    "description": "Token Translation — Figma variables → Chassis CSS classes",
    "mimeType": "text/markdown",
    "name": "chassis-implement-design/references/tokens",
    "uri": "chassis://skills/chassis-implement-design/references/tokens",
  },
  {
    "description": "Chassis Implement Workflow",
    "mimeType": "text/markdown",
    "name": "chassis-implement-design/references/workflow",
    "uri": "chassis://skills/chassis-implement-design/references/workflow",
  },
]
`;

exports[`server > lists its tools 1`] = `
[
  {
    "description": "Load the chassis-create-design skill: build or update Figma screens using the Chassis UI library. Returns the full skill instructions and all reference files.",
    "inputSchema": {
      "properties": {},
      "type": "object",
    },
    "name": "chassis_create_design",
  },
  {
    "description": "Load the chassis-implement-design skill: implement Figma designs into production code using Chassis UI CSS. Returns the full skill instructions and all reference files.",
    "inputSchema": {
      "properties": {},
      "type": "object",
    },
    "name": "chassis_implement_design",
  },
  {
    "description": "Fetch a specific Chassis UI reference file by name.",
    "inputSchema": {
      "$schema": "http://json-schema.org/draft-07/schema#",
      "additionalProperties": false,
      "properties": {
        "name": {
          "description": "Reference file to fetch",
          "enum": [
            "chassis-create-design/references/components",
            "chassis-create-design/references/patterns",
            "chassis-create-design/references/tokens",
            "chassis-create-design/references/typography",
            "chassis-create-design/references/workflow",
            "chassis-implement-design/references/components",
            "chassis-implement-design/references/css-classes",
            "chassis-implement-design/references/patterns",
            "chassis-implement-design/references/tokens",
            "chassis-implement-design/references/workflow",
          ],
          "type": "string",
        },
      },
      "required": [
        "name",
      ],
      "type": "object",
    },
    "name": "chassis_get_reference",
  },
]
`;
